// Jest Snapshot v1, https://goo.gl/fbAQLP

exports[`Favorite component renders Favorite 1`] = `
<Router
  history={
    Object {
      "action": "POP",
      "block": [Function],
      "createHref": [Function],
      "go": [Function],
      "goBack": [Function],
      "goForward": [Function],
      "length": 1,
      "listen": [Function],
      "location": Object {
        "hash": "",
        "pathname": "/",
        "search": "",
        "state": undefined,
      },
      "push": [Function],
      "replace": [Function],
    }
  }
>
  <table>
    <tbody>
      <Favorite
        product={Object {}}
      />
    </tbody>
  </table>
</Router>
`;
